// Jest Snapshot v1, https://jestjs.io/docs/snapshot-testing

exports[`Home matches snapshot 1`] = `
<DocumentFragment>
  <div
    class="container"
    data-testid="TextFieldTest"
  >
    <label
      class="typography label align-left label"
      data-testid="TypographyTest"
      for="testFieldId"
    >
      TextField Test 
    </label>
    <input
      class="inputField"
      id="testFieldId"
      name="testField"
      placeholder="Enter text here"
      type="text"
      value=""
    />
  </div>
</DocumentFragment>
`;
