// Jest Snapshot v1, https://jestjs.io/docs/snapshot-testing

exports[`Home matches snapshot 1`] = `
<DocumentFragment>
  <div
    class="container"
    data-testid="OfflinePageTest"
  >
    <svg
      aria-hidden="true"
      class="lucide lucide-wifi-off"
      fill="none"
      height="64"
      stroke="var(--color-red-500)"
      stroke-linecap="round"
      stroke-linejoin="round"
      stroke-width="2"
      viewBox="0 0 24 24"
      width="64"
      xmlns="http://www.w3.org/2000/svg"
    >
      <path
        d="M12 20h.01"
      />
      <path
        d="M8.5 16.429a5 5 0 0 1 7 0"
      />
      <path
        d="M5 12.859a10 10 0 0 1 5.17-2.69"
      />
      <path
        d="M19 12.859a10 10 0 0 0-2.007-1.523"
      />
      <path
        d="M2 8.82a15 15 0 0 1 4.177-2.643"
      />
      <path
        d="M22 8.82a15 15 0 0 0-11.288-3.764"
      />
      <path
        d="m2 2 20 20"
      />
    </svg>
    <h1
      class="typography h1 align-left title"
      data-testid="TypographyTest"
    >
      Youâ€™re offline!
    </h1>
    <p
      class="typography p align-left message"
      data-testid="TypographyTest"
    >
      Please reconnect to the internet to continue.
    </p>
    <div
      class="waiting"
    >
      Waiting for connection...
    </div>
  </div>
</DocumentFragment>
`;
