// Jest Snapshot v1, https://jestjs.io/docs/snapshot-testing

exports[`Home matches snapshot 1`] = `
<DocumentFragment>
  <div
    class="container"
    data-testid="OtpVerificationTest"
  >
    <img
      alt="BackgroundImg"
      blurdataurl="https://res.cloudinary.com/dyci0wg0i/image/upload/fallbackImg.png"
      class="bgImg"
      data-testid="CustomImageTest"
      placeholder="blur"
      src="https://picsum.photos/1920/1080?random=1"
    />
    <div
      class="overlay"
    />
    <div
      class="subContainer"
    >
      <div
        class="mainContainer"
      >
        <div
          class="imageContainer"
        >
          <div
            class="container"
            data-testid="AuthSideBannerTest"
          >
            <img
              alt="authImg"
              blurdataurl="https://res.cloudinary.com/dyci0wg0i/image/upload/fallbackImg.png"
              class="imgContainer"
              data-testid="CustomImageTest"
              placeholder="blur"
              src="https://picsum.photos/1920/1080?random=1"
            />
            <div
              class="overlay"
            />
            <div
              class="headerContainer"
            >
              <h1
                class="typography h1 align-center header"
                data-testid="TypographyTest"
                style="color: var(--color-white);"
              >
                TravelNinja
              </h1>
              <p
                class="typography p align-center subHeader"
                data-testid="TypographyTest"
                style="color: var(--color-white);"
              >
                Transform your tour business with our powerful platform
              </p>
            </div>
          </div>
        </div>
        <div
          class="otpContainer"
        >
          <h2
            class="typography h2 align-center otpHeader"
            data-testid="TypographyTest"
          >
            Mobile Number Verification
          </h2>
          <p
            class="typography p align-center otpSubHeader"
            data-testid="TypographyTest"
          >
            We've sent a verification code to your mobile number
          </p>
          <div
            class="userData"
          >
            <svg
              aria-hidden="true"
              class="lucide lucide-phone"
              fill="none"
              height="24"
              stroke="var(--color-black)"
              stroke-linecap="round"
              stroke-linejoin="round"
              stroke-width="2"
              viewBox="0 0 24 24"
              width="24"
              xmlns="http://www.w3.org/2000/svg"
            >
              <path
                d="M13.832 16.568a1 1 0 0 0 1.213-.303l.355-.465A2 2 0 0 1 17 15h3a2 2 0 0 1 2 2v3a2 2 0 0 1-2 2A18 18 0 0 1 2 4a2 2 0 0 1 2-2h3a2 2 0 0 1 2 2v3a2 2 0 0 1-.8 1.6l-.468.351a1 1 0 0 0-.292 1.233 14 14 0 0 0 6.392 6.384"
              />
            </svg>
            <span
              class="typography span align-center userEmail"
              data-testid="TypographyTest"
              style="color: var(--color-indigo);"
            >
              US-1234567890
            </span>
          </div>
          <div
            class="verificationWrapper"
          >
            <div
              class="container"
              data-testid="TextFieldTest"
            >
              <label
                class="typography label align-left label"
                data-testid="TypographyTest"
              >
                Enter Verification Code 
              </label>
              <div
                class="inputWrapper"
              >
                <input
                  class="inputField verificationTextField"
                  maxlength="6"
                  placeholder="000000"
                  type="text"
                  value=""
                />
              </div>
            </div>
            <label
              class="typography label align-center otpSubHeader"
              data-testid="TypographyTest"
            >
              Enter the 6-digit code sent to your mobile number
            </label>
          </div>
          <button
            class="button button"
            data-testid="ButtonTest"
            type="button"
          >
            <span
              class="icon"
            >
              <svg
                aria-hidden="true"
                class="lucide lucide-check"
                fill="none"
                height="24"
                stroke="currentColor"
                stroke-linecap="round"
                stroke-linejoin="round"
                stroke-width="2"
                viewBox="0 0 24 24"
                width="24"
                xmlns="http://www.w3.org/2000/svg"
              >
                <path
                  d="M20 6 9 17l-5-5"
                />
              </svg>
            </span>
            <span
              class="typography span align-center button"
              data-testid="TypographyTest"
            >
              Verify Mobile Number
            </span>
          </button>
          <div
            class="resendWrapper"
          >
            <div
              class="resendTextContainer"
            >
              <svg
                aria-hidden="true"
                class="lucide lucide-rotate-cw"
                fill="none"
                height="24"
                stroke="var(--color-indigo)"
                stroke-linecap="round"
                stroke-linejoin="round"
                stroke-width="2"
                viewBox="0 0 24 24"
                width="24"
                xmlns="http://www.w3.org/2000/svg"
              >
                <path
                  d="M21 12a9 9 0 1 1-9-9c2.52 0 4.93 1 6.74 2.74L21 8"
                />
                <path
                  d="M21 3v5h-5"
                />
              </svg>
              <span
                class="typography span align-left resendText"
                data-testid="TypographyTest"
              >
                Resend Code
              </span>
            </div>
          </div>
        </div>
      </div>
    </div>
  </div>
</DocumentFragment>
`;
