// Jest Snapshot v1, https://jestjs.io/docs/snapshot-testing

exports[`Home matches snapshot 1`] = `
<DocumentFragment>
  <div
    class="dropdown"
  >
    <div
      class="inputWrapper"
    >
      <input
        class="input"
        placeholder="Search..."
        type="text"
      />
    </div>
  </div>
</DocumentFragment>
`;
